[islfromtext.in/avatarfinal.html]
[backblue.gif]
[fade.gif]
[index.html]
[islfromtext.in/images/favicon.png]
[islfromtext.in/js/ie-emulation-modes-warning.js]
[maxcdn.bootstrapcdn.com/bootstrap/3.3.6/css/bootstrap.min.css]
[islfromtext.in/js/jquery.min.js]
[maxcdn.bootstrapcdn.com/bootstrap/3.3.6/js/bootstrap.min.js]
[islfromtext.in/avatar_files/allcsa.js]
[islfromtext.in/js/transliteration.I.js]
[maxcdn.bootstrapcdn.com/font-awesome/4.7.0/css/font-awesome.min.css]
[islfromtext.in/index.html]
[islfromtext.in/admin/logo.png]
[islfromtext.in/history.html]
[islfromtext.in/objective.html]
[islfromtext.in/working.html]
[islfromtext.in/funding.html]
[islfromtext.in/contributors.html]
[islfromtext.in/publications.html]
[islfromtext.in/team.html]
[islfromtext.in/consultancy.html]
[ajax.googleapis.com/ajax/libs/jquery/3.2.1/jquery.min.js]
[islfromtext.in/js/hindiconvert.js]
[islfromtext.in/SignFiles/signdump.json]
[islfromtext.in/newparsera2a0.html]
[islfromtext.in/admin/engtohindia2a0.html]
[islfromtext.in/avatarfinal.html]
[maxcdn.bootstrapcdn.com/bootstrap/3.3.6/css/bootstrap.min.css]
[islfromtext.in/css/custom.css]
[islfromtext.in/css/cwasa.css]
[maxcdn.bootstrapcdn.com/font-awesome/4.7.0/css/font-awesome.min.css]
[islfromtext.in/images/avatar2.png]
[islfromtext.in/images/logo.jpg]
[islfromtext.in/images/school_logo.png]
[islfromtext.in/images/avatar.png]
[islfromtext.in/index.html]
[islfromtext.in/history.html]
[islfromtext.in/objective.html]
[islfromtext.in/images/workflowOfProposedSystem.jpg]
[islfromtext.in/working.html]
[islfromtext.in/funding.html]
[islfromtext.in/images/rpSinghpic.jpg]
[islfromtext.in/contributors.html]
[islfromtext.in/publications.html]
[islfromtext.in/images/team.jpg]
[islfromtext.in/images/parteek_sir.jpg]
[islfromtext.in/images/sanmeet_mam.png]
[islfromtext.in/images/sugandhi.jpg]
[islfromtext.in/images/div.jpg]
[islfromtext.in/images/aditya.jpg]
[islfromtext.in/images/alok.jpg]
[islfromtext.in/images/napinder.jpg]
[islfromtext.in/images/himani.jpg]
[islfromtext.in/images/mukul.jpg]
[islfromtext.in/team.html]
[islfromtext.in/consultancy.html]
[islfromtext.in/newparsera2a0.html]
[islfromtext.in/admin/engtohindia2a0.html]
[islfromtext.in/contact.html]
